// Jest Snapshot v1, https://goo.gl/fbAQLP

exports[`Workout Form initial form state simulates exercise type select correctly 1`] = `
ShallowWrapper {
  "length": 1,
  Symbol(enzyme.__root__): [Circular],
  Symbol(enzyme.__unrendered__): <WorkoutForm
    customWorkout=""
    distanceOptions={
      Array [
        "yd",
        "mi",
      ]
    }
    distanceScale="yd"
    durationOptions={
      Array [
        "sec",
        "min",
      ]
    }
    durationScale="sec"
    errors={Object {}}
    exercise={
      Object {
        "sets": Array [],
        "tag": "",
        "type": Object {},
      }
    }
    newSet={
      Object {
        "name": "",
      }
    }
    onActivityChange={[MockFunction]}
    onAddSet={[MockFunction]}
    onCardioChange={[MockFunction]}
    onExerciseChange={[Function]}
    onLiftChange={[MockFunction]}
    onNameChange={[MockFunction]}
    onSave={[MockFunction]}
    onScaleChange={[MockFunction]}
    saving={false}
    weightOptions={
      Array [
        "lb",
        "kg",
      ]
    }
    weightScale="lb"
    workout={
      Object {
        "date": "",
        "exercises": Array [],
        "id": "",
        "muscles": Array [],
        "name": "",
      }
    }
  />,
  Symbol(enzyme.__renderer__): Object {
    "batchedUpdates": [Function],
    "getNode": [Function],
    "render": [Function],
    "simulateEvent": [Function],
    "unmount": [Function],
  },
  Symbol(enzyme.__node__): Object {
    "instance": null,
    "key": undefined,
    "nodeType": "host",
    "props": Object {
      "children": Array [
        <h1>
          Manage Workout
        </h1>,
        <form
          className="needs-validation"
          noValidate={true}
        >
          <TextInput
            error={undefined}
            label="Workout Name"
            name="name"
            onChange={[MockFunction]}
            placeholder="Fat Buster"
            value=""
            wrapperClass="form-group"
          />
          <SelectInput
            defaultOption="Select Workout Type"
            error={undefined}
            label="Type"
            name="type"
            onChange={[Function]}
            options={
              Array [
                Object {
                  "text": "Lift",
                  "value": "lift",
                },
                Object {
                  "text": "Cardio",
                  "value": "cardio",
                },
                Object {
                  "text": "Activity",
                  "value": "activity",
                },
              ]
            }
            value=""
            wrapperClass="form-group"
          />
          <hr
            style={
              Object {
                "background": "white",
                "height": 2,
                "width": "96%",
              }
            }
          />
        </form>,
      ],
      "className": "col-md-8 offset-md-2",
    },
    "ref": null,
    "rendered": Array [
      Object {
        "instance": null,
        "key": undefined,
        "nodeType": "host",
        "props": Object {
          "children": "Manage Workout",
        },
        "ref": null,
        "rendered": "Manage Workout",
        "type": "h1",
      },
      Object {
        "instance": null,
        "key": undefined,
        "nodeType": "host",
        "props": Object {
          "children": Array [
            <TextInput
              error={undefined}
              label="Workout Name"
              name="name"
              onChange={[MockFunction]}
              placeholder="Fat Buster"
              value=""
              wrapperClass="form-group"
            />,
            <SelectInput
              defaultOption="Select Workout Type"
              error={undefined}
              label="Type"
              name="type"
              onChange={[Function]}
              options={
                Array [
                  Object {
                    "text": "Lift",
                    "value": "lift",
                  },
                  Object {
                    "text": "Cardio",
                    "value": "cardio",
                  },
                  Object {
                    "text": "Activity",
                    "value": "activity",
                  },
                ]
              }
              value=""
              wrapperClass="form-group"
            />,
            <hr
              style={
                Object {
                  "background": "white",
                  "height": 2,
                  "width": "96%",
                }
              }
            />,
            undefined,
          ],
          "className": "needs-validation",
          "noValidate": true,
        },
        "ref": null,
        "rendered": Array [
          Object {
            "instance": null,
            "key": undefined,
            "nodeType": "function",
            "props": Object {
              "error": undefined,
              "label": "Workout Name",
              "name": "name",
              "onChange": [MockFunction],
              "placeholder": "Fat Buster",
              "value": "",
              "wrapperClass": "form-group",
            },
            "ref": null,
            "rendered": null,
            "type": [Function],
          },
          Object {
            "instance": null,
            "key": undefined,
            "nodeType": "function",
            "props": Object {
              "defaultOption": "Select Workout Type",
              "error": undefined,
              "label": "Type",
              "name": "type",
              "onChange": [Function],
              "options": Array [
                Object {
                  "text": "Lift",
                  "value": "lift",
                },
                Object {
                  "text": "Cardio",
                  "value": "cardio",
                },
                Object {
                  "text": "Activity",
                  "value": "activity",
                },
              ],
              "value": "",
              "wrapperClass": "form-group",
            },
            "ref": null,
            "rendered": null,
            "type": [Function],
          },
          Object {
            "instance": null,
            "key": undefined,
            "nodeType": "host",
            "props": Object {
              "style": Object {
                "background": "white",
                "height": 2,
                "width": "96%",
              },
            },
            "ref": null,
            "rendered": null,
            "type": "hr",
          },
          undefined,
        ],
        "type": "form",
      },
    ],
    "type": "div",
  },
  Symbol(enzyme.__nodes__): Array [
    Object {
      "instance": null,
      "key": undefined,
      "nodeType": "host",
      "props": Object {
        "children": Array [
          <h1>
            Manage Workout
          </h1>,
          <form
            className="needs-validation"
            noValidate={true}
          >
            <TextInput
              error={undefined}
              label="Workout Name"
              name="name"
              onChange={[MockFunction]}
              placeholder="Fat Buster"
              value=""
              wrapperClass="form-group"
            />
            <SelectInput
              defaultOption="Select Workout Type"
              error={undefined}
              label="Type"
              name="type"
              onChange={[Function]}
              options={
                Array [
                  Object {
                    "text": "Lift",
                    "value": "lift",
                  },
                  Object {
                    "text": "Cardio",
                    "value": "cardio",
                  },
                  Object {
                    "text": "Activity",
                    "value": "activity",
                  },
                ]
              }
              value=""
              wrapperClass="form-group"
            />
            <hr
              style={
                Object {
                  "background": "white",
                  "height": 2,
                  "width": "96%",
                }
              }
            />
          </form>,
        ],
        "className": "col-md-8 offset-md-2",
      },
      "ref": null,
      "rendered": Array [
        Object {
          "instance": null,
          "key": undefined,
          "nodeType": "host",
          "props": Object {
            "children": "Manage Workout",
          },
          "ref": null,
          "rendered": "Manage Workout",
          "type": "h1",
        },
        Object {
          "instance": null,
          "key": undefined,
          "nodeType": "host",
          "props": Object {
            "children": Array [
              <TextInput
                error={undefined}
                label="Workout Name"
                name="name"
                onChange={[MockFunction]}
                placeholder="Fat Buster"
                value=""
                wrapperClass="form-group"
              />,
              <SelectInput
                defaultOption="Select Workout Type"
                error={undefined}
                label="Type"
                name="type"
                onChange={[Function]}
                options={
                  Array [
                    Object {
                      "text": "Lift",
                      "value": "lift",
                    },
                    Object {
                      "text": "Cardio",
                      "value": "cardio",
                    },
                    Object {
                      "text": "Activity",
                      "value": "activity",
                    },
                  ]
                }
                value=""
                wrapperClass="form-group"
              />,
              <hr
                style={
                  Object {
                    "background": "white",
                    "height": 2,
                    "width": "96%",
                  }
                }
              />,
              undefined,
            ],
            "className": "needs-validation",
            "noValidate": true,
          },
          "ref": null,
          "rendered": Array [
            Object {
              "instance": null,
              "key": undefined,
              "nodeType": "function",
              "props": Object {
                "error": undefined,
                "label": "Workout Name",
                "name": "name",
                "onChange": [MockFunction],
                "placeholder": "Fat Buster",
                "value": "",
                "wrapperClass": "form-group",
              },
              "ref": null,
              "rendered": null,
              "type": [Function],
            },
            Object {
              "instance": null,
              "key": undefined,
              "nodeType": "function",
              "props": Object {
                "defaultOption": "Select Workout Type",
                "error": undefined,
                "label": "Type",
                "name": "type",
                "onChange": [Function],
                "options": Array [
                  Object {
                    "text": "Lift",
                    "value": "lift",
                  },
                  Object {
                    "text": "Cardio",
                    "value": "cardio",
                  },
                  Object {
                    "text": "Activity",
                    "value": "activity",
                  },
                ],
                "value": "",
                "wrapperClass": "form-group",
              },
              "ref": null,
              "rendered": null,
              "type": [Function],
            },
            Object {
              "instance": null,
              "key": undefined,
              "nodeType": "host",
              "props": Object {
                "style": Object {
                  "background": "white",
                  "height": 2,
                  "width": "96%",
                },
              },
              "ref": null,
              "rendered": null,
              "type": "hr",
            },
            undefined,
          ],
          "type": "form",
        },
      ],
      "type": "div",
    },
  ],
  Symbol(enzyme.__options__): Object {
    "adapter": ReactSixteenAdapter {
      "options": Object {
        "enableComponentDidUpdateOnSetState": true,
      },
    },
  },
}
`;
